com\example\demo\service\HospitalBloodBankService.class
com\example\demo\controller\PatientController.class
com\example\demo\service\UserService.class
com\example\demo\entity\Request.class
com\example\demo\controller\RequestController.class
com\example\demo\entity\Patient.class
com\example\demo\controller\WebSocketController.class
com\example\demo\entity\HospitalBloodBank.class
com\example\demo\entity\Request1.class
com\example\demo\repository\RequestRepository.class
com\example\demo\service\RequestService.class
com\example\demo\controller\EmailController.class
com\example\demo\entity\ContactUs.class
com\example\demo\controller\LoginController.class
com\example\demo\service\EmailService.class
com\example\demo\entity\User.class
com\example\demo\controller\HospitalBloodBankController.class
com\example\demo\entity\HospitalBloodBank$Type.class
com\example\demo\H2Database2Application.class
com\example\demo\models\RequestData.class
com\example\demo\repository\UserRepository.class
com\example\demo\controller\ContactUsController.class
com\example\demo\repository\ContactUsRepository.class
com\example\demo\controller\UserController.class
com\example\demo\service\PatientService.class
com\example\demo\config\WebSocketConfig.class
com\example\demo\controller\RequestDto.class
com\example\demo\service\ContactUsService.class
com\example\demo\repository\PatientRepository.class
com\example\demo\repository\HospitalBloodBankRepository.class
