C:\Users\HP\OneDrive\Pictures\Screenshots\h2-database-2\h2-database-2\src\main\java\com\example\demo\config\WebSocketConfig.java
C:\Users\HP\OneDrive\Pictures\Screenshots\h2-database-2\h2-database-2\src\main\java\com\example\demo\controller\ContactUsController.java
C:\Users\HP\OneDrive\Pictures\Screenshots\h2-database-2\h2-database-2\src\main\java\com\example\demo\controller\EmailController.java
C:\Users\HP\OneDrive\Pictures\Screenshots\h2-database-2\h2-database-2\src\main\java\com\example\demo\controller\HospitalBloodBankController.java
C:\Users\HP\OneDrive\Pictures\Screenshots\h2-database-2\h2-database-2\src\main\java\com\example\demo\controller\LoginController.java
C:\Users\HP\OneDrive\Pictures\Screenshots\h2-database-2\h2-database-2\src\main\java\com\example\demo\controller\PatientController.java
C:\Users\HP\OneDrive\Pictures\Screenshots\h2-database-2\h2-database-2\src\main\java\com\example\demo\controller\RequestController.java
C:\Users\HP\OneDrive\Pictures\Screenshots\h2-database-2\h2-database-2\src\main\java\com\example\demo\controller\RequestDto.java
C:\Users\HP\OneDrive\Pictures\Screenshots\h2-database-2\h2-database-2\src\main\java\com\example\demo\controller\UserController.java
C:\Users\HP\OneDrive\Pictures\Screenshots\h2-database-2\h2-database-2\src\main\java\com\example\demo\controller\WebSocketController.java
C:\Users\HP\OneDrive\Pictures\Screenshots\h2-database-2\h2-database-2\src\main\java\com\example\demo\entity\ContactUs.java
C:\Users\HP\OneDrive\Pictures\Screenshots\h2-database-2\h2-database-2\src\main\java\com\example\demo\entity\HospitalBloodBank.java
C:\Users\HP\OneDrive\Pictures\Screenshots\h2-database-2\h2-database-2\src\main\java\com\example\demo\entity\Patient.java
C:\Users\HP\OneDrive\Pictures\Screenshots\h2-database-2\h2-database-2\src\main\java\com\example\demo\entity\Request.java
C:\Users\HP\OneDrive\Pictures\Screenshots\h2-database-2\h2-database-2\src\main\java\com\example\demo\entity\Request1.java
C:\Users\HP\OneDrive\Pictures\Screenshots\h2-database-2\h2-database-2\src\main\java\com\example\demo\entity\User.java
C:\Users\HP\OneDrive\Pictures\Screenshots\h2-database-2\h2-database-2\src\main\java\com\example\demo\H2Database2Application.java
C:\Users\HP\OneDrive\Pictures\Screenshots\h2-database-2\h2-database-2\src\main\java\com\example\demo\models\RequestData.java
C:\Users\HP\OneDrive\Pictures\Screenshots\h2-database-2\h2-database-2\src\main\java\com\example\demo\repository\ContactUsRepository.java
C:\Users\HP\OneDrive\Pictures\Screenshots\h2-database-2\h2-database-2\src\main\java\com\example\demo\repository\HospitalBloodBankRepository.java
C:\Users\HP\OneDrive\Pictures\Screenshots\h2-database-2\h2-database-2\src\main\java\com\example\demo\repository\PatientRepository.java
C:\Users\HP\OneDrive\Pictures\Screenshots\h2-database-2\h2-database-2\src\main\java\com\example\demo\repository\RequestRepository.java
C:\Users\HP\OneDrive\Pictures\Screenshots\h2-database-2\h2-database-2\src\main\java\com\example\demo\repository\UserRepository.java
C:\Users\HP\OneDrive\Pictures\Screenshots\h2-database-2\h2-database-2\src\main\java\com\example\demo\service\ContactUsService.java
C:\Users\HP\OneDrive\Pictures\Screenshots\h2-database-2\h2-database-2\src\main\java\com\example\demo\service\EmailService.java
C:\Users\HP\OneDrive\Pictures\Screenshots\h2-database-2\h2-database-2\src\main\java\com\example\demo\service\HospitalBloodBankService.java
C:\Users\HP\OneDrive\Pictures\Screenshots\h2-database-2\h2-database-2\src\main\java\com\example\demo\service\PatientService.java
C:\Users\HP\OneDrive\Pictures\Screenshots\h2-database-2\h2-database-2\src\main\java\com\example\demo\service\RequestService.java
C:\Users\HP\OneDrive\Pictures\Screenshots\h2-database-2\h2-database-2\src\main\java\com\example\demo\service\UserService.java
